[mobile.eric-poncet.com/palm/tutorial.html]
[backblue.gif]
[fade.gif]
[index.html]
[mobile.eric-poncet.com/palm/screens/launcher.gif]
[mobile.eric-poncet.com/palm/tutorial/hello.html]
[mobile.eric-poncet.com/palm/screens/hello.gif]
[mobile.eric-poncet.com/palm/tutorial/forms.html]
[mobile.eric-poncet.com/palm/screens/forms.gif]
[mobile.eric-poncet.com/palm/tutorial/menu.html]
[mobile.eric-poncet.com/palm/screens/menu.gif]
[mobile.eric-poncet.com/palm/tutorial/prefs.html]
[mobile.eric-poncet.com/palm/screens/prefs.gif]
[mobile.eric-poncet.com/palm/tutorial/db.html]
[mobile.eric-poncet.com/palm/screens/db.gif]
[mobile.eric-poncet.com/palm/tutorial/ui.html]
[mobile.eric-poncet.com/palm/screens/ui8.gif]
[mobile.eric-poncet.com/palm/tutorial/i18n.html]
[mobile.eric-poncet.com/palm/screens/i18n-fra.gif]
[mobile.eric-poncet.com/palm/tutorial/beam.html]
[mobile.eric-poncet.com/palm/screens/beaming.gif]
[mobile.eric-poncet.com/palm/tutorial/serial.html]
[mobile.eric-poncet.com/palm/screens/serial.gif]
[mobile.eric-poncet.com/palm/tutorial/find.html]
[mobile.eric-poncet.com/palm/tutorial.html]
[mobile.eric-poncet.com/palm/screens/find.gif]
[mobile.eric-poncet.com/palm/exercises/hello.zip]
[mobile.eric-poncet.com/palm/tutorial/hello.html]
[mobile.eric-poncet.com/palm/solutions/hello.zip]
[mobile.eric-poncet.com/palm/tutorial/index.html]
[mobile.eric-poncet.com/palm/exercises/forms.zip]
[mobile.eric-poncet.com/palm/solutions/forms.zip]
[mobile.eric-poncet.com/palm/screens/forms2.gif]
[mobile.eric-poncet.com/palm/screens/forms3.gif]
[mobile.eric-poncet.com/palm/screens/forms4.gif]
[mobile.eric-poncet.com/palm/tutorial/forms.html]
[mobile.eric-poncet.com/palm/exercises/menu.zip]
[mobile.eric-poncet.com/palm/solutions/menu.zip]
[mobile.eric-poncet.com/palm/screens/menu2.gif]
[mobile.eric-poncet.com/palm/screens/menu3.gif]
[mobile.eric-poncet.com/palm/tutorial/menu.html]
[mobile.eric-poncet.com/palm/screens/menu4.gif]
[mobile.eric-poncet.com/palm/exercises/prefs.zip]
[mobile.eric-poncet.com/palm/tutorial/prefs.html]
[mobile.eric-poncet.com/palm/solutions/prefs.zip]
[mobile.eric-poncet.com/palm/exercises/db.zip]
[mobile.eric-poncet.com/palm/tutorial/db.html]
[mobile.eric-poncet.com/palm/solutions/db.zip]
[mobile.eric-poncet.com/palm/screens/ui.gif]
[mobile.eric-poncet.com/palm/exercises/ui.zip]
[mobile.eric-poncet.com/palm/solutions/ui.zip]
[mobile.eric-poncet.com/palm/screens/ui2.gif]
[mobile.eric-poncet.com/palm/screens/ui3.gif]
[mobile.eric-poncet.com/palm/screens/ui4.gif]
[mobile.eric-poncet.com/palm/screens/ui5.gif]
[mobile.eric-poncet.com/palm/screens/ui6.gif]
[mobile.eric-poncet.com/palm/screens/ui7.gif]
[mobile.eric-poncet.com/palm/screens/ui9.gif]
[mobile.eric-poncet.com/palm/screens/ui10.gif]
[mobile.eric-poncet.com/palm/screens/ui102.gif]
[mobile.eric-poncet.com/palm/tutorial/ui.html]
[mobile.eric-poncet.com/palm/exercises/i18n.zip]
[mobile.eric-poncet.com/palm/solutions/i18n.zip]
[mobile.eric-poncet.com/palm/screens/i18n-eng.gif]
[mobile.eric-poncet.com/palm/tutorial/i18n.html]
[mobile.eric-poncet.com/palm/screens/i18n-esp.gif]
[mobile.eric-poncet.com/palm/exercises/beam.zip]
[mobile.eric-poncet.com/palm/tutorial/beam.html]
[mobile.eric-poncet.com/palm/solutions/beam.zip]
[mobile.eric-poncet.com/palm/exercises/serial.zip]
[mobile.eric-poncet.com/palm/solutions/serial.zip]
[mobile.eric-poncet.com/palm/screens/serial2.gif]
[mobile.eric-poncet.com/palm/tutorial/serial.html]
[mobile.eric-poncet.com/palm/exercises/find.zip]
[mobile.eric-poncet.com/palm/solutions/find.zip]
[mobile.eric-poncet.com/palm/screens/find3.gif]
[mobile.eric-poncet.com/palm/screens/find4.gif]
[mobile.eric-poncet.com/palm/screens/find2.gif]
[mobile.eric-poncet.com/palm/tutorial/find.html]
[mobile.eric-poncet.com/palm/tutorial/congratulations.html]
[mobile.eric-poncet.com/palm/tutorial/index.html]
[mobile.eric-poncet.com/palm/tutorial/index-2.html]
[mobile.eric-poncet.com/palm/tutorial/congratulations.html]
[mobile.eric-poncet.com/palm/tutorial/index-2.html]
