[backblue.gif]
[fade.gif]
[index.html]
[users.fuw.edu.pl/_michalj/palmos/images/rpcplogo.gif]
[users.fuw.edu.pl/_michalj/palmos/index.html]
[users.fuw.edu.pl/_michalj/palmos/images/palmtop.gif]
[users.fuw.edu.pl/_michalj/palmos/images/index.gif]
[users.fuw.edu.pl/_michalj/palmos/images/PCPplain.gif]
[users.fuw.edu.pl/_michalj/palmos/ReferenceTOC.html]
[users.fuw.edu.pl/_michalj/palmos/CompanionTOC.html]
[users.fuw.edu.pl/_michalj/palmos/index-2.html]
[users.fuw.edu.pl/_michalj/palmos/ReferenceIX.html]
[users.fuw.edu.pl/_michalj/palmos/images/content.gif]
[users.fuw.edu.pl/_michalj/palmos/RefAbout.html]
[users.fuw.edu.pl/_michalj/palmos/images/next.html]
[users.fuw.edu.pl/_michalj/palmos/AppLaunchCodes.html]
[users.fuw.edu.pl/_michalj/palmos/images/buttonresource.gif]
[users.fuw.edu.pl/_michalj/palmos/images/checkbox.gif]
[users.fuw.edu.pl/_michalj/palmos/images/field.gif]
[users.fuw.edu.pl/_michalj/palmos/images/GraffitShift.gif]
[users.fuw.edu.pl/_michalj/palmos/images/listsmall.gif]
[users.fuw.edu.pl/_michalj/palmos/images/poptrigger.gif]
[users.fuw.edu.pl/_michalj/palmos/images/pushbuttonssmall.gif]
[users.fuw.edu.pl/_michalj/palmos/images/increment.gif]
[users.fuw.edu.pl/_michalj/palmos/images/selector.gif]
[users.fuw.edu.pl/_michalj/palmos/images/Tablea.gif]
[users.fuw.edu.pl/_michalj/palmos/images/alert.gif]
[users.fuw.edu.pl/_michalj/palmos/images/buttons.gif]
[users.fuw.edu.pl/_michalj/palmos/images/modalform.gif]
[users.fuw.edu.pl/_michalj/palmos/images/formbuttons.gif]
[users.fuw.edu.pl/_michalj/palmos/images/UIResources17.gif]
[users.fuw.edu.pl/_michalj/palmos/images/popup.gif]
[users.fuw.edu.pl/_michalj/palmos/images/pushbuttons.gif]
[users.fuw.edu.pl/_michalj/palmos/UIResources.html]
[users.fuw.edu.pl/_michalj/palmos/images/UIResources20.gif]
[users.fuw.edu.pl/_michalj/palmos/EventRef.html]
[users.fuw.edu.pl/_michalj/palmos/Category.html]
[users.fuw.edu.pl/_michalj/palmos/Clipboard.html]
[users.fuw.edu.pl/_michalj/palmos/Control.html]
[users.fuw.edu.pl/_michalj/palmos/DateAndTimeSelector.html]
[users.fuw.edu.pl/_michalj/palmos/Field.html]
[users.fuw.edu.pl/_michalj/palmos/Find.html]
[users.fuw.edu.pl/_michalj/palmos/Form.html]
[users.fuw.edu.pl/_michalj/palmos/GraffitiShift.html]
[users.fuw.edu.pl/_michalj/palmos/InsertionPoint.html]
[users.fuw.edu.pl/_michalj/palmos/List.html]
[users.fuw.edu.pl/_michalj/palmos/Menu.html]
[users.fuw.edu.pl/_michalj/palmos/PrivateRecords.html]
[users.fuw.edu.pl/_michalj/palmos/ProgressManager.html]
[users.fuw.edu.pl/_michalj/palmos/Scrollbar.html]
[users.fuw.edu.pl/_michalj/palmos/SystemDialogs.html]
[users.fuw.edu.pl/_michalj/palmos/Table.html]
[users.fuw.edu.pl/_michalj/palmos/UIColor.html]
[users.fuw.edu.pl/_michalj/palmos/UIControls.html]
[users.fuw.edu.pl/_michalj/palmos/MiscUI.html]
[users.fuw.edu.pl/_michalj/palmos/AlarmManager.html]
[users.fuw.edu.pl/_michalj/palmos/images/Bitmaps.gif]
[users.fuw.edu.pl/_michalj/palmos/Bitmap.html]
[users.fuw.edu.pl/_michalj/palmos/CharacterAttributes.html]
[users.fuw.edu.pl/_michalj/palmos/DataAndResourceManager.html]
[users.fuw.edu.pl/_michalj/palmos/DateAndTimeManager.html]
[users.fuw.edu.pl/_michalj/palmos/ErrorManager.html]
[users.fuw.edu.pl/_michalj/palmos/FeatureManager.html]
[users.fuw.edu.pl/_michalj/palmos/FileStreaming.html]
[users.fuw.edu.pl/_michalj/palmos/FloatManager.html]
[users.fuw.edu.pl/_michalj/palmos/Font.html]
[users.fuw.edu.pl/_michalj/palmos/GraffitiManager.html]
[users.fuw.edu.pl/_michalj/palmos/KeyManager.html]
[users.fuw.edu.pl/_michalj/palmos/MemoryManager.html]
[users.fuw.edu.pl/_michalj/palmos/NotifyMgr.html]
[users.fuw.edu.pl/_michalj/palmos/OverlayMgr.html]
[users.fuw.edu.pl/_michalj/palmos/Password.html]
[users.fuw.edu.pl/_michalj/palmos/PenManager.html]
[users.fuw.edu.pl/_michalj/palmos/Preferences.html]
[users.fuw.edu.pl/_michalj/palmos/Rectangle.html]
[users.fuw.edu.pl/_michalj/palmos/images/SoundManagera.gif]
[users.fuw.edu.pl/_michalj/palmos/SoundManager.html]
[users.fuw.edu.pl/_michalj/palmos/StandardIO.html]
[users.fuw.edu.pl/_michalj/palmos/StringManager.html]
[users.fuw.edu.pl/_michalj/palmos/SystemEventManager.html]
[users.fuw.edu.pl/_michalj/palmos/SystemManager.html]
[users.fuw.edu.pl/_michalj/palmos/TextMgr.html]
[users.fuw.edu.pl/_michalj/palmos/Window.html]
[users.fuw.edu.pl/_michalj/palmos/MiscSys.html]
[users.fuw.edu.pl/_michalj/palmos/ConnectionMgr.html]
[users.fuw.edu.pl/_michalj/palmos/ExchangeManager.html]
[users.fuw.edu.pl/_michalj/palmos/IRLib.html]
[users.fuw.edu.pl/_michalj/palmos/ModemManager.html]
[users.fuw.edu.pl/_michalj/palmos/NetLibrary.html]
[users.fuw.edu.pl/_michalj/palmos/NetworkUtils.html]
[users.fuw.edu.pl/_michalj/palmos/NewSerialManager.html]
[users.fuw.edu.pl/_michalj/palmos/ScriptPlugin.html]
[users.fuw.edu.pl/_michalj/palmos/SerialManager.html]
[users.fuw.edu.pl/_michalj/palmos/SerialDriver.html]
[users.fuw.edu.pl/_michalj/palmos/SerialLinkManager.html]
[users.fuw.edu.pl/_michalj/palmos/INetLib.html]
[users.fuw.edu.pl/_michalj/palmos/PalmOSGlueLib.html]
[users.fuw.edu.pl/_michalj/palmos/SystemUseOnlyApdx.html]
[users.fuw.edu.pl/_michalj/palmos/CompatibilityApdx.html]
[users.fuw.edu.pl/_michalj/palmos/CompanionIX.html]
[users.fuw.edu.pl/_michalj/palmos/CompanionAbout.html]
[users.fuw.edu.pl/_michalj/palmos/Nutshell.html]
[users.fuw.edu.pl/_michalj/palmos/images/bitdepth.gif]
[users.fuw.edu.pl/_michalj/palmos/images/Designa.gif]
[users.fuw.edu.pl/_michalj/palmos/Design.html]
[users.fuw.edu.pl/_michalj/palmos/images/Design2.gif]
[users.fuw.edu.pl/_michalj/palmos/AppStartupAndStop.html]
[users.fuw.edu.pl/_michalj/palmos/images/EventLoopa.gif]
[users.fuw.edu.pl/_michalj/palmos/EventLoop.html]
[users.fuw.edu.pl/_michalj/palmos/images/button.gif]
[users.fuw.edu.pl/_michalj/palmos/images/pushbutton.gif]
[users.fuw.edu.pl/_michalj/palmos/images/selectortrigger.gif]
[users.fuw.edu.pl/_michalj/palmos/images/checkboxsmall.gif]
[users.fuw.edu.pl/_michalj/palmos/images/UserInterface5.gif]
[users.fuw.edu.pl/_michalj/palmos/images/menu.gif]
[users.fuw.edu.pl/_michalj/palmos/images/fieldtext.gif]
[users.fuw.edu.pl/_michalj/palmos/images/Lista.gif]
[users.fuw.edu.pl/_michalj/palmos/images/Slider.gif]
[users.fuw.edu.pl/_michalj/palmos/images/SliderDrawing.gif]
[users.fuw.edu.pl/_michalj/palmos/images/UserInterface17.gif]
[users.fuw.edu.pl/_michalj/palmos/images/Toolbar.gif]
[users.fuw.edu.pl/_michalj/palmos/images/UserInterface18.gif]
[users.fuw.edu.pl/_michalj/palmos/images/UserInterface19.gif]
[users.fuw.edu.pl/_michalj/palmos/UserInterface.html]
[users.fuw.edu.pl/_michalj/palmos/Memory.html]
[users.fuw.edu.pl/_michalj/palmos/images/FilesAndDatabasesa.gif]
[users.fuw.edu.pl/_michalj/palmos/FilesAndDatabases.html]
[users.fuw.edu.pl/_michalj/palmos/SystemFeatures.html]
[users.fuw.edu.pl/_michalj/palmos/images/SerialCommunicationa.gif]
[users.fuw.edu.pl/_michalj/palmos/images/SerialCommunication2.gif]
[users.fuw.edu.pl/_michalj/palmos/images/SerialCommunication3.gif]
[users.fuw.edu.pl/_michalj/palmos/SerialCommunication.html]
[users.fuw.edu.pl/_michalj/palmos/images/Beaminga.gif]
[users.fuw.edu.pl/_michalj/palmos/Beaming.html]
[users.fuw.edu.pl/_michalj/palmos/NetworkCommunication.html]
[users.fuw.edu.pl/_michalj/palmos/images/Palmnet.gif]
[users.fuw.edu.pl/_michalj/palmos/images/InternetApps2.gif]
[users.fuw.edu.pl/_michalj/palmos/InternetApps.html]
[users.fuw.edu.pl/_michalj/palmos/images/Localizationa.gif]
[users.fuw.edu.pl/_michalj/palmos/Localization.html]
[users.fuw.edu.pl/_michalj/palmos/DebuggingStrats.html]
[users.fuw.edu.pl/_michalj/palmos/StandardIOApp.html]
[users.fuw.edu.pl/_michalj/palmos/images/prev.html]
[users.fuw.edu.pl/_michalj/palmos/images/lt_equal.html]
